[azim.commonsupport.com/Biztech/index.html]
[backblue.gif]
[fade.gif]
[index.html]
[azim.commonsupport.com/Biztech/assets/images/favicon.ico]
[azim.commonsupport.com/Biztech/assets/css/font-awesome-all.css]
[azim.commonsupport.com/Biztech/assets/css/flaticon.css]
[azim.commonsupport.com/Biztech/assets/css/owl.css]
[azim.commonsupport.com/Biztech/assets/css/bootstrap.css]
[azim.commonsupport.com/Biztech/assets/css/jquery.fancybox.min.css]
[azim.commonsupport.com/Biztech/assets/css/animate.css]
[azim.commonsupport.com/Biztech/assets/css/nice-select.css]
[azim.commonsupport.com/Biztech/assets/css/color.css]
[azim.commonsupport.com/Biztech/assets/css/elpath.css]
[azim.commonsupport.com/Biztech/assets/css/style.css]
[azim.commonsupport.com/Biztech/assets/css/elements-css/banner.css]
[azim.commonsupport.com/Biztech/assets/css/elements-css/feature.css]
[azim.commonsupport.com/Biztech/assets/css/elements-css/about.css]
[azim.commonsupport.com/Biztech/assets/css/elements-css/service.css]
[azim.commonsupport.com/Biztech/assets/css/elements-css/chooseus.css]
[azim.commonsupport.com/Biztech/assets/css/elements-css/projects.css]
[azim.commonsupport.com/Biztech/assets/css/elements-css/testimonial.css]
[azim.commonsupport.com/Biztech/assets/css/elements-css/working-process.css]
[azim.commonsupport.com/Biztech/assets/css/elements-css/funfact.css]
[azim.commonsupport.com/Biztech/assets/css/elements-css/expertise.css]
[azim.commonsupport.com/Biztech/assets/css/elements-css/news.css]
[azim.commonsupport.com/Biztech/assets/css/responsive.css]
[azim.commonsupport.com/Biztech/assets/images/logo.png]
[azim.commonsupport.com/Biztech/index-2.html]
[azim.commonsupport.com/Biztech/index-3.html]
[azim.commonsupport.com/Biztech/index-onepage.html]
[azim.commonsupport.com/Biztech/index-rtl.html]
[azim.commonsupport.com/Biztech/services.html]
[azim.commonsupport.com/Biztech/services-2.html]
[azim.commonsupport.com/Biztech/service-details.html]
[azim.commonsupport.com/Biztech/service-details-2.html]
[azim.commonsupport.com/Biztech/service-details-3.html]
[azim.commonsupport.com/Biztech/service-details-4.html]
[azim.commonsupport.com/Biztech/service-details-5.html]
[azim.commonsupport.com/Biztech/service-details-6.html]
[azim.commonsupport.com/Biztech/team.html]
[azim.commonsupport.com/Biztech/team-details.html]
[azim.commonsupport.com/Biztech/portfolio.html]
[azim.commonsupport.com/Biztech/portfolio-2.html]
[azim.commonsupport.com/Biztech/portfolio-details.html]
[azim.commonsupport.com/Biztech/about.html]
[azim.commonsupport.com/Biztech/pricing.html]
[azim.commonsupport.com/Biztech/career.html]
[azim.commonsupport.com/Biztech/faq.html]
[azim.commonsupport.com/Biztech/testimonial.html]
[azim.commonsupport.com/Biztech/error.html]
[azim.commonsupport.com/Biztech/shop.html]
[azim.commonsupport.com/Biztech/shop-details.html]
[azim.commonsupport.com/Biztech/cart.html]
[azim.commonsupport.com/Biztech/checkout.html]
[azim.commonsupport.com/Biztech/feature-element-1.html]
[azim.commonsupport.com/Biztech/feature-element-2.html]
[azim.commonsupport.com/Biztech/feature-element-3.html]
[azim.commonsupport.com/Biztech/feature-element-4.html]
[azim.commonsupport.com/Biztech/service-element-1.html]
[azim.commonsupport.com/Biztech/service-element-2.html]
[azim.commonsupport.com/Biztech/service-element-3.html]
[azim.commonsupport.com/Biztech/service-element-4.html]
[azim.commonsupport.com/Biztech/about-element-1.html]
[azim.commonsupport.com/Biztech/about-element-2.html]
[azim.commonsupport.com/Biztech/about-element-3.html]
[azim.commonsupport.com/Biztech/project-element-1.html]
[azim.commonsupport.com/Biztech/project-element-2.html]
[azim.commonsupport.com/Biztech/project-element-3.html]
[azim.commonsupport.com/Biztech/project-element-4.html]
[azim.commonsupport.com/Biztech/working-element-1.html]
[azim.commonsupport.com/Biztech/working-element-2.html]
[azim.commonsupport.com/Biztech/working-element-3.html]
[azim.commonsupport.com/Biztech/working-element-4.html]
[azim.commonsupport.com/Biztech/news-element-1.html]
[azim.commonsupport.com/Biztech/news-element-2.html]
[azim.commonsupport.com/Biztech/news-element-3.html]
[azim.commonsupport.com/Biztech/news-element-4.html]
[azim.commonsupport.com/Biztech/clients-element.html]
[azim.commonsupport.com/Biztech/blog.html]
[azim.commonsupport.com/Biztech/blog-2.html]
[azim.commonsupport.com/Biztech/blog-details.html]
[azim.commonsupport.com/Biztech/contact.html]
[azim.commonsupport.com/Biztech/assets/images/logo-2.png]
[azim.commonsupport.com/Biztech/assets/images/banner/banner-1.jpg]
[azim.commonsupport.com/Biztech/assets/images/banner/banner-2.jpg]
[azim.commonsupport.com/Biztech/assets/images/banner/banner-3.jpg]
[azim.commonsupport.com/Biztech/assets/images/banner/banner-4.jpg]
[azim.commonsupport.com/Biztech/assets/images/banner/banner-5.jpg]
[azim.commonsupport.com/Biztech/assets/images/shape/shape-2.png]
[azim.commonsupport.com/Biztech/assets/images/shape/shape-3.png]
[azim.commonsupport.com/Biztech/assets/images/resource/feature-1.jpg]
[azim.commonsupport.com/Biztech/assets/images/resource/feature-2.jpg]
[azim.commonsupport.com/Biztech/assets/images/resource/feature-3.jpg]
[azim.commonsupport.com/Biztech/assets/images/resource/about-1.jpg]
[azim.commonsupport.com/Biztech/assets/images/resource/about-2.jpg]
[azim.commonsupport.com/Biztech/assets/images/icons/signature-1.png]
[azim.commonsupport.com/Biztech/assets/images/shape/shape-12.png]
[azim.commonsupport.com/Biztech/assets/images/shape/shape-4.png]
[azim.commonsupport.com/Biztech/assets/images/shape/shape-5.png]
[azim.commonsupport.com/Biztech/assets/images/shape/shape-6.png]
[azim.commonsupport.com/Biztech/assets/images/shape/shape-7.png]
[azim.commonsupport.com/Biztech/assets/images/shape/shape-8.png]
[azim.commonsupport.com/Biztech/assets/images/shape/shape-9.png]
[azim.commonsupport.com/Biztech/assets/images/shape/shape-10.png]
[azim.commonsupport.com/Biztech/assets/images/shape/shape-11.png]
[azim.commonsupport.com/Biztech/assets/images/shape/shape-13.png]
[azim.commonsupport.com/Biztech/assets/images/background/chooseus-bg.jpg]
[azim.commonsupport.com/Biztech/assets/images/project/project-1.jpg]
[azim.commonsupport.com/Biztech/assets/images/project/project-2.jpg]
[azim.commonsupport.com/Biztech/assets/images/project/project-3.jpg]
[azim.commonsupport.com/Biztech/assets/images/shape/shape-16.png]
[azim.commonsupport.com/Biztech/assets/images/shape/shape-14.png]
[azim.commonsupport.com/Biztech/assets/images/resource/testimonial-1.jpg]
[azim.commonsupport.com/Biztech/assets/images/shape/shape-15.png]
[azim.commonsupport.com/Biztech/assets/images/resource/testimonial-6.jpg]
[azim.commonsupport.com/Biztech/assets/images/shape/shape-17.png]
[azim.commonsupport.com/Biztech/assets/images/shape/shape-18.png]
[azim.commonsupport.com/Biztech/assets/images/shape/shape-19.png]
[azim.commonsupport.com/Biztech/assets/images/news/news-1.jpg]
[azim.commonsupport.com/Biztech/assets/images/news/news-2.jpg]
[azim.commonsupport.com/Biztech/assets/images/news/news-3.jpg]
[azim.commonsupport.com/Biztech/assets/images/shape/shape-20.png]
[azim.commonsupport.com/Biztech/assets/images/shape/shape-21.png]
[azim.commonsupport.com/Biztech/assets/images/footer-logo.png]
[azim.commonsupport.com/Biztech/assets/js/popper.min.js]
[azim.commonsupport.com/Biztech/assets/js/bootstrap.min.js]
[azim.commonsupport.com/Biztech/assets/js/wow.js]
[azim.commonsupport.com/Biztech/assets/js/owl.js]
[azim.commonsupport.com/Biztech/assets/js/jquery.js]
[azim.commonsupport.com/Biztech/assets/js/validation.js]
[azim.commonsupport.com/Biztech/assets/js/appear.js]
[azim.commonsupport.com/Biztech/assets/js/jquery.nice-select.min.js]
[azim.commonsupport.com/Biztech/assets/js/scrollbar.js]
[azim.commonsupport.com/Biztech/assets/js/parallax-scroll.js]
[azim.commonsupport.com/Biztech/assets/js/isotope.js]
[azim.commonsupport.com/Biztech/assets/js/jquery.fancybox.js]
[azim.commonsupport.com/Biztech/assets/js/script.js]
[azim.commonsupport.com/Biztech/index.html]
[azim.commonsupport.com/Biztech/assets/fonts/fa-brands-400.woff2]
[azim.commonsupport.com/Biztech/assets/fonts/fa-brands-400.woff]
[azim.commonsupport.com/Biztech/assets/fonts/fa-brands-400.eot]
[azim.commonsupport.com/Biztech/assets/fonts/fa-brands-400d41d.eot]
[azim.commonsupport.com/Biztech/assets/fonts/fa-light-300.woff2]
[azim.commonsupport.com/Biztech/assets/fonts/fa-light-300.woff]
[azim.commonsupport.com/Biztech/assets/fonts/fa-brands-400.ttf]
[azim.commonsupport.com/Biztech/assets/fonts/fa-regular-400.woff2]
[azim.commonsupport.com/Biztech/assets/fonts/fa-regular-400.eot]
[azim.commonsupport.com/Biztech/assets/fonts/fa-regular-400.woff]
[azim.commonsupport.com/Biztech/assets/fonts/fa-solid-900.woff2]
[azim.commonsupport.com/Biztech/assets/fonts/fa-solid-900.woff]
[azim.commonsupport.com/Biztech/assets/fonts/fa-regular-400d41d.eot]
[azim.commonsupport.com/Biztech/assets/css/font-awesome-all.css]
[azim.commonsupport.com/Biztech/assets/fonts/icomoon9a84.eot]
[azim.commonsupport.com/Biztech/assets/fonts/icomoon9a84.woff]
[azim.commonsupport.com/Biztech/assets/fonts/icomoon9a84.ttf]
[azim.commonsupport.com/Biztech/assets/fonts/icomoon9a84.svg]
[azim.commonsupport.com/Biztech/assets/css/flaticon.css]
[azim.commonsupport.com/Biztech/assets/css/owl.css]
[azim.commonsupport.com/Biztech/assets/css/bootstrap.css]
[azim.commonsupport.com/Biztech/assets/css/jquery.fancybox.min.css]
[azim.commonsupport.com/Biztech/assets/css/animate.css]
[azim.commonsupport.com/Biztech/assets/css/nice-select.css]
[azim.commonsupport.com/Biztech/assets/css/color.css]
[azim.commonsupport.com/Biztech/assets/css/elpath.css]
[azim.commonsupport.com/Biztech/assets/images/shape/shape-1.png]
[azim.commonsupport.com/Biztech/assets/css/style.css]
[azim.commonsupport.com/Biztech/assets/css/elements-css/banner.css]
[azim.commonsupport.com/Biztech/assets/css/elements-css/feature.css]
[azim.commonsupport.com/Biztech/assets/css/elements-css/about.css]
[azim.commonsupport.com/Biztech/assets/css/elements-css/service.css]
[azim.commonsupport.com/Biztech/assets/css/elements-css/chooseus.css]
[azim.commonsupport.com/Biztech/assets/css/elements-css/projects.css]
[azim.commonsupport.com/Biztech/assets/css/elements-css/testimonial.css]
[azim.commonsupport.com/Biztech/assets/css/elements-css/working-process.css]
[azim.commonsupport.com/Biztech/assets/css/elements-css/funfact.css]
[azim.commonsupport.com/Biztech/assets/css/elements-css/expertise.css]
[azim.commonsupport.com/Biztech/assets/css/elements-css/news.css]
[azim.commonsupport.com/Biztech/assets/css/responsive.css]
[azim.commonsupport.com/Biztech/assets/css/elements-css/cta.css]
[azim.commonsupport.com/Biztech/assets/css/elements-css/subscribe.css]
[azim.commonsupport.com/Biztech/assets/images/banner/banner-6.jpg]
[azim.commonsupport.com/Biztech/assets/images/banner/banner-7.jpg]
[azim.commonsupport.com/Biztech/assets/images/shape/shape-22.png]
[azim.commonsupport.com/Biztech/assets/images/shape/shape-23.png]
[azim.commonsupport.com/Biztech/assets/images/resource/about-3.jpg]
[azim.commonsupport.com/Biztech/assets/images/service/service-1.jpg]
[azim.commonsupport.com/Biztech/assets/images/service/service-2.jpg]
[azim.commonsupport.com/Biztech/assets/images/service/service-3.jpg]
[azim.commonsupport.com/Biztech/assets/images/service/service-4.jpg]
[azim.commonsupport.com/Biztech/assets/images/service/service-5.jpg]
[azim.commonsupport.com/Biztech/assets/images/service/service-6.jpg]
[azim.commonsupport.com/Biztech/assets/images/background/cta-bg.jpg]
[azim.commonsupport.com/Biztech/assets/images/resource/testimonial-3.jpg]
[azim.commonsupport.com/Biztech/assets/images/resource/testimonial-4.jpg]
[azim.commonsupport.com/Biztech/assets/images/resource/testimonial-5.jpg]
[azim.commonsupport.com/Biztech/assets/images/background/chooseus-bg-2.jpg]
[azim.commonsupport.com/Biztech/assets/images/shape/shape-25.png]
[azim.commonsupport.com/Biztech/assets/images/shape/shape-26.png]
[azim.commonsupport.com/Biztech/assets/images/shape/shape-24.png]
[azim.commonsupport.com/Biztech/assets/images/background/project-bg.jpg]
[azim.commonsupport.com/Biztech/assets/images/news/news-4.jpg]
[azim.commonsupport.com/Biztech/assets/images/news/news-5.jpg]
[azim.commonsupport.com/Biztech/assets/images/news/news-6.jpg]
[azim.commonsupport.com/Biztech/assets/images/shape/shape-27.png]
[azim.commonsupport.com/Biztech/assets/images/shape/shape-28.png]
[azim.commonsupport.com/Biztech/index-2.html]
[azim.commonsupport.com/Biztech/assets/css/elements-css/video.css]
[azim.commonsupport.com/Biztech/assets/css/elements-css/team.css]
[azim.commonsupport.com/Biztech/assets/css/elements-css/clients.css]
[azim.commonsupport.com/Biztech/assets/images/shape/shape-29.png]
[azim.commonsupport.com/Biztech/assets/images/shape/shape-30.png]
[azim.commonsupport.com/Biztech/assets/images/banner/banner-img-1.png]
[azim.commonsupport.com/Biztech/assets/images/banner/banner-img-2.png]
[azim.commonsupport.com/Biztech/assets/images/shape/shape-31.png]
[azim.commonsupport.com/Biztech/assets/images/shape/shape-32.png]
[azim.commonsupport.com/Biztech/assets/images/shape/shape-33.png]
[azim.commonsupport.com/Biztech/assets/images/resource/about-4.jpg]
[azim.commonsupport.com/Biztech/assets/images/shape/shape-34.png]
[azim.commonsupport.com/Biztech/assets/images/shape/shape-35.png]
[azim.commonsupport.com/Biztech/assets/images/background/video-bg.jpg]
[azim.commonsupport.com/Biztech/assets/images/team/team-1.jpg]
[azim.commonsupport.com/Biztech/assets/images/team/team-2.jpg]
[azim.commonsupport.com/Biztech/assets/images/team/team-3.jpg]
[azim.commonsupport.com/Biztech/assets/images/team/team-4.jpg]
[azim.commonsupport.com/Biztech/assets/images/clients/clients-1.png]
[azim.commonsupport.com/Biztech/assets/images/clients/clients-2.png]
[azim.commonsupport.com/Biztech/assets/images/clients/clients-3.png]
[azim.commonsupport.com/Biztech/assets/images/clients/clients-4.png]
[azim.commonsupport.com/Biztech/assets/images/clients/clients-5.png]
[azim.commonsupport.com/Biztech/assets/images/shape/shape-36.png]
[azim.commonsupport.com/Biztech/assets/images/resource/men-1.png]
[azim.commonsupport.com/Biztech/index-3.html]
[azim.commonsupport.com/Biztech/assets/js/pagenav.js]
[azim.commonsupport.com/Biztech/index-onepage.html]
[azim.commonsupport.com/Biztech/assets/css/rtl.css]
[azim.commonsupport.com/Biztech/index-rtl.html]
[azim.commonsupport.com/Biztech/assets/css/elements-css/page-title.css]
[azim.commonsupport.com/Biztech/assets/images/background/page-title.jpg]
[azim.commonsupport.com/Biztech/services.html]
[azim.commonsupport.com/Biztech/services-2.html]
[azim.commonsupport.com/Biztech/assets/css/elements-css/service-details.css]
[azim.commonsupport.com/Biztech/assets/images/service/service-7.jpg]
[azim.commonsupport.com/Biztech/assets/images/service/service-8.jpg]
[azim.commonsupport.com/Biztech/assets/images/service/service-9.jpg]
[azim.commonsupport.com/Biztech/service-details.html]
[azim.commonsupport.com/Biztech/assets/images/service/service-10.jpg]
[azim.commonsupport.com/Biztech/service-details-2.html]
[azim.commonsupport.com/Biztech/assets/images/service/service-11.jpg]
[azim.commonsupport.com/Biztech/service-details-3.html]
[azim.commonsupport.com/Biztech/assets/images/service/service-12.jpg]
[azim.commonsupport.com/Biztech/service-details-4.html]
[azim.commonsupport.com/Biztech/assets/images/service/service-13.jpg]
[azim.commonsupport.com/Biztech/service-details-5.html]
[azim.commonsupport.com/Biztech/assets/images/service/service-14.jpg]
[azim.commonsupport.com/Biztech/service-details-6.html]
[azim.commonsupport.com/Biztech/assets/images/team/team-5.jpg]
[azim.commonsupport.com/Biztech/assets/images/team/team-6.jpg]
[azim.commonsupport.com/Biztech/assets/images/team/team-7.jpg]
[azim.commonsupport.com/Biztech/assets/images/team/team-8.jpg]
[azim.commonsupport.com/Biztech/team.html]
[azim.commonsupport.com/Biztech/assets/css/elements-css/team-details.css]
[azim.commonsupport.com/Biztech/assets/images/team/team-9.jpg]
[azim.commonsupport.com/Biztech/team-details.html]
[azim.commonsupport.com/Biztech/assets/images/project/project-4.jpg]
[azim.commonsupport.com/Biztech/assets/images/project/project-5.jpg]
[azim.commonsupport.com/Biztech/assets/images/project/project-6.jpg]
[azim.commonsupport.com/Biztech/assets/images/project/project-7.jpg]
[azim.commonsupport.com/Biztech/assets/images/project/project-8.jpg]
[azim.commonsupport.com/Biztech/assets/images/project/project-9.jpg]
[azim.commonsupport.com/Biztech/portfolio.html]
[azim.commonsupport.com/Biztech/assets/images/project/project-10.jpg]
[azim.commonsupport.com/Biztech/assets/images/project/project-11.jpg]
[azim.commonsupport.com/Biztech/assets/images/project/project-12.jpg]
[azim.commonsupport.com/Biztech/assets/images/project/project-13.jpg]
[azim.commonsupport.com/Biztech/assets/images/project/project-14.jpg]
[azim.commonsupport.com/Biztech/assets/images/project/project-15.jpg]
[azim.commonsupport.com/Biztech/portfolio-2.html]
[azim.commonsupport.com/Biztech/assets/css/elements-css/portfolio-details.css]
[azim.commonsupport.com/Biztech/assets/images/project/project-16.jpg]
[azim.commonsupport.com/Biztech/assets/images/shape/shape-37.png]
[azim.commonsupport.com/Biztech/portfolio-details.html]
[azim.commonsupport.com/Biztech/about.html]
[azim.commonsupport.com/Biztech/assets/css/elements-css/pricing.css]
[azim.commonsupport.com/Biztech/assets/images/shape/shape-38.png]
[azim.commonsupport.com/Biztech/assets/images/shape/shape-39.png]
[azim.commonsupport.com/Biztech/pricing.html]
[azim.commonsupport.com/Biztech/assets/css/elements-css/career.css]
[azim.commonsupport.com/Biztech/career.html]
[azim.commonsupport.com/Biztech/assets/css/elements-css/contact.css]
[azim.commonsupport.com/Biztech/assets/images/shape/shape-40.png]
[azim.commonsupport.com/Biztech/faq.html]
[azim.commonsupport.com/Biztech/assets/images/resource/testimonial-7.jpg]
[azim.commonsupport.com/Biztech/assets/images/resource/testimonial-9.jpg]
[azim.commonsupport.com/Biztech/assets/images/resource/testimonial-8.jpg]
[azim.commonsupport.com/Biztech/testimonial.html]
[azim.commonsupport.com/Biztech/assets/css/elements-css/error.css]
[azim.commonsupport.com/Biztech/assets/images/icons/error-1.png]
[azim.commonsupport.com/Biztech/error.html]
[azim.commonsupport.com/Biztech/assets/css/jquery-ui.css]
[azim.commonsupport.com/Biztech/assets/css/elements-css/shop.css]
[azim.commonsupport.com/Biztech/assets/images/shop/shop-1.png]
[azim.commonsupport.com/Biztech/assets/images/shop/shop-2.png]
[azim.commonsupport.com/Biztech/assets/images/shop/shop-3.png]
[azim.commonsupport.com/Biztech/assets/images/shop/shop-4.png]
[azim.commonsupport.com/Biztech/assets/images/shop/shop-5.png]
[azim.commonsupport.com/Biztech/assets/images/shop/shop-6.png]
[azim.commonsupport.com/Biztech/assets/images/shop/shop-7.png]
[azim.commonsupport.com/Biztech/assets/images/shop/shop-8.png]
[azim.commonsupport.com/Biztech/assets/images/shop/shop-9.png]
[azim.commonsupport.com/Biztech/shop.html]
[azim.commonsupport.com/Biztech/assets/css/elements-css/shop-details.css]
[azim.commonsupport.com/Biztech/assets/images/shop/shop-10.png]
[azim.commonsupport.com/Biztech/assets/images/shop/comment-1.jpg]
[azim.commonsupport.com/Biztech/shop-details.html]
[azim.commonsupport.com/Biztech/assets/js/jquery.bootstrap-touchspin.js]
[azim.commonsupport.com/Biztech/assets/css/elements-css/cart.css]
[azim.commonsupport.com/Biztech/assets/images/shop/cart-1.png]
[azim.commonsupport.com/Biztech/assets/images/shop/cart-2.png]
[azim.commonsupport.com/Biztech/assets/images/shop/cart-3.png]
[azim.commonsupport.com/Biztech/cart.html]
[azim.commonsupport.com/Biztech/assets/css/elements-css/checkout.css]
[azim.commonsupport.com/Biztech/checkout.html]
[azim.commonsupport.com/Biztech/feature-element-1.html]
[azim.commonsupport.com/Biztech/feature-element-2.html]
[azim.commonsupport.com/Biztech/feature-element-3.html]
[azim.commonsupport.com/Biztech/feature-element-4.html]
[azim.commonsupport.com/Biztech/service-element-1.html]
[azim.commonsupport.com/Biztech/service-element-2.html]
[azim.commonsupport.com/Biztech/service-element-3.html]
[azim.commonsupport.com/Biztech/service-element-4.html]
[azim.commonsupport.com/Biztech/about-element-1.html]
[azim.commonsupport.com/Biztech/about-element-2.html]
[azim.commonsupport.com/Biztech/about-element-3.html]
[azim.commonsupport.com/Biztech/project-element-1.html]
[azim.commonsupport.com/Biztech/project-element-2.html]
[azim.commonsupport.com/Biztech/project-element-3.html]
[azim.commonsupport.com/Biztech/project-element-4.html]
[azim.commonsupport.com/Biztech/working-element-1.html]
[azim.commonsupport.com/Biztech/working-element-2.html]
[azim.commonsupport.com/Biztech/working-element-3.html]
[azim.commonsupport.com/Biztech/working-element-4.html]
[azim.commonsupport.com/Biztech/news-element-1.html]
[azim.commonsupport.com/Biztech/news-element-2.html]
[azim.commonsupport.com/Biztech/news-element-3.html]
[azim.commonsupport.com/Biztech/news-element-4.html]
[azim.commonsupport.com/Biztech/clients-element.html]
[azim.commonsupport.com/Biztech/assets/css/elements-css/blog.css]
[azim.commonsupport.com/Biztech/assets/images/news/news-7.jpg]
[azim.commonsupport.com/Biztech/assets/images/news/news-8.jpg]
[azim.commonsupport.com/Biztech/assets/images/news/news-9.jpg]
[azim.commonsupport.com/Biztech/assets/js/jquery-ui.js]
[azim.commonsupport.com/Biztech/assets/images/news/news-10.jpg]
[azim.commonsupport.com/Biztech/assets/images/news/news-11.jpg]
[azim.commonsupport.com/Biztech/assets/images/news/news-12.jpg]
[azim.commonsupport.com/Biztech/blog.html]
[azim.commonsupport.com/Biztech/assets/images/news/news-13.jpg]
[azim.commonsupport.com/Biztech/assets/images/news/news-14.jpg]
[azim.commonsupport.com/Biztech/assets/images/news/news-15.jpg]
[azim.commonsupport.com/Biztech/assets/images/news/news-16.jpg]
[azim.commonsupport.com/Biztech/assets/images/news/news-17.jpg]
[azim.commonsupport.com/Biztech/assets/images/news/post-1.jpg]
[azim.commonsupport.com/Biztech/assets/images/news/post-2.jpg]
[azim.commonsupport.com/Biztech/assets/images/news/post-3.jpg]
[azim.commonsupport.com/Biztech/blog-2.html]
[azim.commonsupport.com/Biztech/assets/images/news/author-1.jpg]
[azim.commonsupport.com/Biztech/blog-details.html]
[azim.commonsupport.com/Biztech/assets/images/icons/map-marker.png]
[azim.commonsupport.com/Biztech/contact.html]
[azim.commonsupport.com/Biztech/assets/fonts/fa-brands-400.html]
[azim.commonsupport.com/Biztech/assets/fonts/fa-light-300.html]
[azim.commonsupport.com/Biztech/assets/fonts/fa-light-300d41d.html]
[azim.commonsupport.com/Biztech/assets/fonts/fa-light-301.html]
[azim.commonsupport.com/Biztech/assets/fonts/fa-light-302.html]
[azim.commonsupport.com/Biztech/assets/fonts/fa-regular-400.html]
[azim.commonsupport.com/Biztech/assets/fonts/fa-regular-401.html]
[azim.commonsupport.com/Biztech/assets/fonts/fa-solid-900.html]
[azim.commonsupport.com/Biztech/assets/fonts/fa-solid-900d41d.html]
[azim.commonsupport.com/Biztech/assets/fonts/fa-solid-901.html]
[azim.commonsupport.com/Biztech/assets/fonts/fa-solid-902.html]
[azim.commonsupport.com/Biztech/assets/fonts/icomoon9a84.svg]
[azim.commonsupport.com/Biztech/assets/css/owl.video.play.html]
[azim.commonsupport.com/Biztech/assets/css/elements-css/cta.css]
[azim.commonsupport.com/Biztech/assets/css/elements-css/subscribe.css]
[azim.commonsupport.com/Biztech/assets/css/elements-css/video.css]
[azim.commonsupport.com/Biztech/assets/css/elements-css/team.css]
[azim.commonsupport.com/Biztech/assets/css/elements-css/clients.css]
[azim.commonsupport.com/Biztech/assets/css/rtl.css]
[azim.commonsupport.com/Biztech/assets/css/elements-css/page-title.css]
[azim.commonsupport.com/Biztech/assets/css/elements-css/service-details.css]
[azim.commonsupport.com/Biztech/assets/css/elements-css/team-details.css]
[azim.commonsupport.com/Biztech/assets/css/elements-css/portfolio-details.css]
[azim.commonsupport.com/Biztech/assets/css/elements-css/pricing.css]
[azim.commonsupport.com/Biztech/assets/css/elements-css/career.css]
[azim.commonsupport.com/Biztech/assets/css/elements-css/contact.css]
[azim.commonsupport.com/Biztech/assets/css/elements-css/error.css]
[azim.commonsupport.com/Biztech/assets/js/map-helper.js]
[azim.commonsupport.com/Biztech/assets/js/gmaps.js]
[azim.commonsupport.com/Biztech/assets/css/jquery-ui.css]
[azim.commonsupport.com/Biztech/assets/css/elements-css/shop.css]
[azim.commonsupport.com/Biztech/assets/css/elements-css/shop-details.css]
[azim.commonsupport.com/Biztech/assets/css/elements-css/cart.css]
[azim.commonsupport.com/Biztech/assets/css/elements-css/checkout.css]
[azim.commonsupport.com/Biztech/checkbox.html]
[azim.commonsupport.com/Biztech/assets/css/elements-css/blog.css]
[azim.commonsupport.com/Biztech/assets/css/images/ui-icons_777620_256x240.html]
[azim.commonsupport.com/Biztech/assets/css/images/ui-icons_cc0000_256x240.html]
[azim.commonsupport.com/Biztech/assets/css/images/ui-icons_777777_256x240.html]
[azim.commonsupport.com/Biztech/assets/images/icons/ui-icons_222222_256x240.html]
[azim.commonsupport.com/Biztech/assets/images/icons/ui-icons_888888_256x240.html]
[azim.commonsupport.com/Biztech/assets/images/icons/ui-icons_454545_256x240.html]
[azim.commonsupport.com/Biztech/assets/images/icons/ui-icons_2e83ff_256x240.html]
[azim.commonsupport.com/Biztech/assets/images/icons/ui-icons_cd0a0a_256x240.html]
